// Jest Snapshot v1, https://goo.gl/fbAQLP

exports[`Features/Home Component should render correctly 1`] = `
<div>
  <h2>
    Home
  </h2>
  <ConnectFunction />
</div>
`;
