// Jest Snapshot v1, https://goo.gl/fbAQLP

exports[`Features/About Component should render correctly 1`] = `
<div>
  <h2>
    About Page
  </h2>
</div>
`;
