// Jest Snapshot v1, https://goo.gl/fbAQLP

exports[`App should render correctly 1`] = `
<Provider
  store={
    Object {
      "dispatch": [Function],
      "getState": [Function],
      "replaceReducer": [Function],
      "subscribe": [Function],
      Symbol(observable): [Function],
    }
  }
>
  <Header />
  <Router>
    <Home
      path="/"
    />
    <About
      path="/about"
    />
  </Router>
  <Header />
</Provider>
`;
